  Determining projects to restore...
  All projects are up-to-date for restore.
  Marketplace.Domain -> C:\Users\Joi\Desktop\marketplace\Marketplace.Domain\bin\Debug\net10.0\Marketplace.Domain.dll
  Marketplace.Data -> C:\Users\Joi\Desktop\marketplace\Marketplace.Data\bin\Debug\net10.0\Marketplace.Data.dll
  Marketplace.BusinessLogic -> C:\Users\Joi\Desktop\marketplace\Marketplace.BusinessLogic\bin\Debug\net10.0\Marketplace.BusinessLogic.dll
C:\Program Files\dotnet\sdk\10.0.103\Microsoft.Common.CurrentVersion.targets(5080,5): warning MSB3026: Could not copy "C:\Users\Joi\Desktop\marketplace\Marketplace.BusinessLogic\bin\Debug\net10.0\Marketplace.BusinessLogic.dll" to "bin\Debug\net10.0\Marketplace.BusinessLogic.dll". Beginning retry 1 in 1000ms. The process cannot access the file 'C:\Users\Joi\Desktop\marketplace\Marketplace.Web\bin\Debug\net10.0\Marketplace.BusinessLogic.dll' because it is being used by another process. The file is locked by: "Marketplace.Web (20976)" [C:\Users\Joi\Desktop\marketplace\Marketplace.Web\Marketplace.Web.csproj]
C:\Program Files\dotnet\sdk\10.0.103\Microsoft.Common.CurrentVersion.targets(5080,5): warning MSB3026: Could not copy "C:\Users\Joi\Desktop\marketplace\Marketplace.Data\bin\Debug\net10.0\Marketplace.Data.dll" to "bin\Debug\net10.0\Marketplace.Data.dll". Beginning retry 1 in 1000ms. The process cannot access the file 'C:\Users\Joi\Desktop\marketplace\Marketplace.Web\bin\Debug\net10.0\Marketplace.Data.dll' because it is being used by another process. The file is locked by: "Marketplace.Web (20976)" [C:\Users\Joi\Desktop\marketplace\Marketplace.Web\Marketplace.Web.csproj]
C:\Program Files\dotnet\sdk\10.0.103\Microsoft.Common.CurrentVersion.targets(5080,5): warning MSB3026: Could not copy "C:\Users\Joi\Desktop\marketplace\Marketplace.Domain\bin\Debug\net10.0\Marketplace.Domain.dll" to "bin\Debug\net10.0\Marketplace.Domain.dll". Beginning retry 1 in 1000ms. The process cannot access the file 'C:\Users\Joi\Desktop\marketplace\Marketplace.Web\bin\Debug\net10.0\Marketplace.Domain.dll' because it is being used by another process. The file is locked by: "Marketplace.Web (20976)" [C:\Users\Joi\Desktop\marketplace\Marketplace.Web\Marketplace.Web.csproj]
C:\Program Files\dotnet\sdk\10.0.103\Microsoft.Common.CurrentVersion.targets(5080,5): warning MSB3026: Could not copy "C:\Users\Joi\Desktop\marketplace\Marketplace.BusinessLogic\bin\Debug\net10.0\Marketplace.BusinessLogic.dll" to "bin\Debug\net10.0\Marketplace.BusinessLogic.dll". Beginning retry 2 in 1000ms. The process cannot access the file 'C:\Users\Joi\Desktop\marketplace\Marketplace.Web\bin\Debug\net10.0\Marketplace.BusinessLogic.dll' because it is being used by another process. The file is locked by: "Marketplace.Web (20976)" [C:\Users\Joi\Desktop\marketplace\Marketplace.Web\Marketplace.Web.csproj]
C:\Program Files\dotnet\sdk\10.0.103\Microsoft.Common.CurrentVersion.targets(5080,5): warning MSB3026: Could not copy "C:\Users\Joi\Desktop\marketplace\Marketplace.Domain\bin\Debug\net10.0\Marketplace.Domain.dll" to "bin\Debug\net10.0\Marketplace.Domain.dll". Beginning retry 2 in 1000ms. The process cannot access the file 'C:\Users\Joi\Desktop\marketplace\Marketplace.Web\bin\Debug\net10.0\Marketplace.Domain.dll' because it is being used by another process. The file is locked by: "Marketplace.Web (20976)" [C:\Users\Joi\Desktop\marketplace\Marketplace.Web\Marketplace.Web.csproj]
C:\Program Files\dotnet\sdk\10.0.103\Microsoft.Common.CurrentVersion.targets(5080,5): warning MSB3026: Could not copy "C:\Users\Joi\Desktop\marketplace\Marketplace.Data\bin\Debug\net10.0\Marketplace.Data.dll" to "bin\Debug\net10.0\Marketplace.Data.dll". Beginning retry 2 in 1000ms. The process cannot access the file 'C:\Users\Joi\Desktop\marketplace\Marketplace.Web\bin\Debug\net10.0\Marketplace.Data.dll' because it is being used by another process. The file is locked by: "Marketplace.Web (20976)" [C:\Users\Joi\Desktop\marketplace\Marketplace.Web\Marketplace.Web.csproj]
C:\Program Files\dotnet\sdk\10.0.103\Microsoft.Common.CurrentVersion.targets(5080,5): warning MSB3026: Could not copy "C:\Users\Joi\Desktop\marketplace\Marketplace.BusinessLogic\bin\Debug\net10.0\Marketplace.BusinessLogic.dll" to "bin\Debug\net10.0\Marketplace.BusinessLogic.dll". Beginning retry 3 in 1000ms. The process cannot access the file 'C:\Users\Joi\Desktop\marketplace\Marketplace.Web\bin\Debug\net10.0\Marketplace.BusinessLogic.dll' because it is being used by another process. The file is locked by: "Marketplace.Web (20976)" [C:\Users\Joi\Desktop\marketplace\Marketplace.Web\Marketplace.Web.csproj]
C:\Program Files\dotnet\sdk\10.0.103\Microsoft.Common.CurrentVersion.targets(5080,5): warning MSB3026: Could not copy "C:\Users\Joi\Desktop\marketplace\Marketplace.Data\bin\Debug\net10.0\Marketplace.Data.dll" to "bin\Debug\net10.0\Marketplace.Data.dll". Beginning retry 3 in 1000ms. The process cannot access the file 'C:\Users\Joi\Desktop\marketplace\Marketplace.Web\bin\Debug\net10.0\Marketplace.Data.dll' because it is being used by another process. The file is locked by: "Marketplace.Web (20976)" [C:\Users\Joi\Desktop\marketplace\Marketplace.Web\Marketplace.Web.csproj]
C:\Program Files\dotnet\sdk\10.0.103\Microsoft.Common.CurrentVersion.targets(5080,5): warning MSB3026: Could not copy "C:\Users\Joi\Desktop\marketplace\Marketplace.Domain\bin\Debug\net10.0\Marketplace.Domain.dll" to "bin\Debug\net10.0\Marketplace.Domain.dll". Beginning retry 3 in 1000ms. The process cannot access the file 'C:\Users\Joi\Desktop\marketplace\Marketplace.Web\bin\Debug\net10.0\Marketplace.Domain.dll' because it is being used by another process. The file is locked by: "Marketplace.Web (20976)" [C:\Users\Joi\Desktop\marketplace\Marketplace.Web\Marketplace.Web.csproj]
C:\Program Files\dotnet\sdk\10.0.103\Microsoft.Common.CurrentVersion.targets(5080,5): warning MSB3026: Could not copy "C:\Users\Joi\Desktop\marketplace\Marketplace.BusinessLogic\bin\Debug\net10.0\Marketplace.BusinessLogic.dll" to "bin\Debug\net10.0\Marketplace.BusinessLogic.dll". Beginning retry 4 in 1000ms. The process cannot access the file 'C:\Users\Joi\Desktop\marketplace\Marketplace.Web\bin\Debug\net10.0\Marketplace.BusinessLogic.dll' because it is being used by another process. The file is locked by: "Marketplace.Web (20976)" [C:\Users\Joi\Desktop\marketplace\Marketplace.Web\Marketplace.Web.csproj]
C:\Program Files\dotnet\sdk\10.0.103\Microsoft.Common.CurrentVersion.targets(5080,5): warning MSB3026: Could not copy "C:\Users\Joi\Desktop\marketplace\Marketplace.Data\bin\Debug\net10.0\Marketplace.Data.dll" to "bin\Debug\net10.0\Marketplace.Data.dll". Beginning retry 4 in 1000ms. The process cannot access the file 'C:\Users\Joi\Desktop\marketplace\Marketplace.Web\bin\Debug\net10.0\Marketplace.Data.dll' because it is being used by another process. The file is locked by: "Marketplace.Web (20976)" [C:\Users\Joi\Desktop\marketplace\Marketplace.Web\Marketplace.Web.csproj]
C:\Program Files\dotnet\sdk\10.0.103\Microsoft.Common.CurrentVersion.targets(5080,5): warning MSB3026: Could not copy "C:\Users\Joi\Desktop\marketplace\Marketplace.Domain\bin\Debug\net10.0\Marketplace.Domain.dll" to "bin\Debug\net10.0\Marketplace.Domain.dll". Beginning retry 4 in 1000ms. The process cannot access the file 'C:\Users\Joi\Desktop\marketplace\Marketplace.Web\bin\Debug\net10.0\Marketplace.Domain.dll' because it is being used by another process. The file is locked by: "Marketplace.Web (20976)" [C:\Users\Joi\Desktop\marketplace\Marketplace.Web\Marketplace.Web.csproj]
C:\Program Files\dotnet\sdk\10.0.103\Microsoft.Common.CurrentVersion.targets(5080,5): warning MSB3026: Could not copy "C:\Users\Joi\Desktop\marketplace\Marketplace.BusinessLogic\bin\Debug\net10.0\Marketplace.BusinessLogic.dll" to "bin\Debug\net10.0\Marketplace.BusinessLogic.dll". Beginning retry 5 in 1000ms. The process cannot access the file 'C:\Users\Joi\Desktop\marketplace\Marketplace.Web\bin\Debug\net10.0\Marketplace.BusinessLogic.dll' because it is being used by another process. The file is locked by: "Marketplace.Web (20976)" [C:\Users\Joi\Desktop\marketplace\Marketplace.Web\Marketplace.Web.csproj]
C:\Program Files\dotnet\sdk\10.0.103\Microsoft.Common.CurrentVersion.targets(5080,5): warning MSB3026: Could not copy "C:\Users\Joi\Desktop\marketplace\Marketplace.Domain\bin\Debug\net10.0\Marketplace.Domain.dll" to "bin\Debug\net10.0\Marketplace.Domain.dll". Beginning retry 5 in 1000ms. The process cannot access the file 'C:\Users\Joi\Desktop\marketplace\Marketplace.Web\bin\Debug\net10.0\Marketplace.Domain.dll' because it is being used by another process. The file is locked by: "Marketplace.Web (20976)" [C:\Users\Joi\Desktop\marketplace\Marketplace.Web\Marketplace.Web.csproj]
C:\Program Files\dotnet\sdk\10.0.103\Microsoft.Common.CurrentVersion.targets(5080,5): warning MSB3026: Could not copy "C:\Users\Joi\Desktop\marketplace\Marketplace.Data\bin\Debug\net10.0\Marketplace.Data.dll" to "bin\Debug\net10.0\Marketplace.Data.dll". Beginning retry 5 in 1000ms. The process cannot access the file 'C:\Users\Joi\Desktop\marketplace\Marketplace.Web\bin\Debug\net10.0\Marketplace.Data.dll' because it is being used by another process. The file is locked by: "Marketplace.Web (20976)" [C:\Users\Joi\Desktop\marketplace\Marketplace.Web\Marketplace.Web.csproj]
C:\Program Files\dotnet\sdk\10.0.103\Microsoft.Common.CurrentVersion.targets(5080,5): warning MSB3026: Could not copy "C:\Users\Joi\Desktop\marketplace\Marketplace.BusinessLogic\bin\Debug\net10.0\Marketplace.BusinessLogic.dll" to "bin\Debug\net10.0\Marketplace.BusinessLogic.dll". Beginning retry 6 in 1000ms. The process cannot access the file 'C:\Users\Joi\Desktop\marketplace\Marketplace.Web\bin\Debug\net10.0\Marketplace.BusinessLogic.dll' because it is being used by another process. The file is locked by: "Marketplace.Web (20976)" [C:\Users\Joi\Desktop\marketplace\Marketplace.Web\Marketplace.Web.csproj]
C:\Program Files\dotnet\sdk\10.0.103\Microsoft.Common.CurrentVersion.targets(5080,5): warning MSB3026: Could not copy "C:\Users\Joi\Desktop\marketplace\Marketplace.Domain\bin\Debug\net10.0\Marketplace.Domain.dll" to "bin\Debug\net10.0\Marketplace.Domain.dll". Beginning retry 6 in 1000ms. The process cannot access the file 'C:\Users\Joi\Desktop\marketplace\Marketplace.Web\bin\Debug\net10.0\Marketplace.Domain.dll' because it is being used by another process. The file is locked by: "Marketplace.Web (20976)" [C:\Users\Joi\Desktop\marketplace\Marketplace.Web\Marketplace.Web.csproj]
C:\Program Files\dotnet\sdk\10.0.103\Microsoft.Common.CurrentVersion.targets(5080,5): warning MSB3026: Could not copy "C:\Users\Joi\Desktop\marketplace\Marketplace.Data\bin\Debug\net10.0\Marketplace.Data.dll" to "bin\Debug\net10.0\Marketplace.Data.dll". Beginning retry 6 in 1000ms. The process cannot access the file 'C:\Users\Joi\Desktop\marketplace\Marketplace.Web\bin\Debug\net10.0\Marketplace.Data.dll' because it is being used by another process. The file is locked by: "Marketplace.Web (20976)" [C:\Users\Joi\Desktop\marketplace\Marketplace.Web\Marketplace.Web.csproj]
C:\Program Files\dotnet\sdk\10.0.103\Microsoft.Common.CurrentVersion.targets(5080,5): warning MSB3026: Could not copy "C:\Users\Joi\Desktop\marketplace\Marketplace.BusinessLogic\bin\Debug\net10.0\Marketplace.BusinessLogic.dll" to "bin\Debug\net10.0\Marketplace.BusinessLogic.dll". Beginning retry 7 in 1000ms. The process cannot access the file 'C:\Users\Joi\Desktop\marketplace\Marketplace.Web\bin\Debug\net10.0\Marketplace.BusinessLogic.dll' because it is being used by another process. The file is locked by: "Marketplace.Web (20976)" [C:\Users\Joi\Desktop\marketplace\Marketplace.Web\Marketplace.Web.csproj]
C:\Program Files\dotnet\sdk\10.0.103\Microsoft.Common.CurrentVersion.targets(5080,5): warning MSB3026: Could not copy "C:\Users\Joi\Desktop\marketplace\Marketplace.Data\bin\Debug\net10.0\Marketplace.Data.dll" to "bin\Debug\net10.0\Marketplace.Data.dll". Beginning retry 7 in 1000ms. The process cannot access the file 'C:\Users\Joi\Desktop\marketplace\Marketplace.Web\bin\Debug\net10.0\Marketplace.Data.dll' because it is being used by another process. The file is locked by: "Marketplace.Web (20976)" [C:\Users\Joi\Desktop\marketplace\Marketplace.Web\Marketplace.Web.csproj]
C:\Program Files\dotnet\sdk\10.0.103\Microsoft.Common.CurrentVersion.targets(5080,5): warning MSB3026: Could not copy "C:\Users\Joi\Desktop\marketplace\Marketplace.Domain\bin\Debug\net10.0\Marketplace.Domain.dll" to "bin\Debug\net10.0\Marketplace.Domain.dll". Beginning retry 7 in 1000ms. The process cannot access the file 'C:\Users\Joi\Desktop\marketplace\Marketplace.Web\bin\Debug\net10.0\Marketplace.Domain.dll' because it is being used by another process. The file is locked by: "Marketplace.Web (20976)" [C:\Users\Joi\Desktop\marketplace\Marketplace.Web\Marketplace.Web.csproj]
C:\Program Files\dotnet\sdk\10.0.103\Microsoft.Common.CurrentVersion.targets(5080,5): warning MSB3026: Could not copy "C:\Users\Joi\Desktop\marketplace\Marketplace.BusinessLogic\bin\Debug\net10.0\Marketplace.BusinessLogic.dll" to "bin\Debug\net10.0\Marketplace.BusinessLogic.dll". Beginning retry 8 in 1000ms. The process cannot access the file 'C:\Users\Joi\Desktop\marketplace\Marketplace.Web\bin\Debug\net10.0\Marketplace.BusinessLogic.dll' because it is being used by another process. The file is locked by: "Marketplace.Web (20976)" [C:\Users\Joi\Desktop\marketplace\Marketplace.Web\Marketplace.Web.csproj]
C:\Program Files\dotnet\sdk\10.0.103\Microsoft.Common.CurrentVersion.targets(5080,5): warning MSB3026: Could not copy "C:\Users\Joi\Desktop\marketplace\Marketplace.Data\bin\Debug\net10.0\Marketplace.Data.dll" to "bin\Debug\net10.0\Marketplace.Data.dll". Beginning retry 8 in 1000ms. The process cannot access the file 'C:\Users\Joi\Desktop\marketplace\Marketplace.Web\bin\Debug\net10.0\Marketplace.Data.dll' because it is being used by another process. The file is locked by: "Marketplace.Web (20976)" [C:\Users\Joi\Desktop\marketplace\Marketplace.Web\Marketplace.Web.csproj]
C:\Program Files\dotnet\sdk\10.0.103\Microsoft.Common.CurrentVersion.targets(5080,5): warning MSB3026: Could not copy "C:\Users\Joi\Desktop\marketplace\Marketplace.Domain\bin\Debug\net10.0\Marketplace.Domain.dll" to "bin\Debug\net10.0\Marketplace.Domain.dll". Beginning retry 8 in 1000ms. The process cannot access the file 'C:\Users\Joi\Desktop\marketplace\Marketplace.Web\bin\Debug\net10.0\Marketplace.Domain.dll' because it is being used by another process. The file is locked by: "Marketplace.Web (20976)" [C:\Users\Joi\Desktop\marketplace\Marketplace.Web\Marketplace.Web.csproj]
C:\Program Files\dotnet\sdk\10.0.103\Microsoft.Common.CurrentVersion.targets(5080,5): warning MSB3026: Could not copy "C:\Users\Joi\Desktop\marketplace\Marketplace.Data\bin\Debug\net10.0\Marketplace.Data.dll" to "bin\Debug\net10.0\Marketplace.Data.dll". Beginning retry 9 in 1000ms. The process cannot access the file 'C:\Users\Joi\Desktop\marketplace\Marketplace.Web\bin\Debug\net10.0\Marketplace.Data.dll' because it is being used by another process. The file is locked by: "Marketplace.Web (20976)" [C:\Users\Joi\Desktop\marketplace\Marketplace.Web\Marketplace.Web.csproj]
C:\Program Files\dotnet\sdk\10.0.103\Microsoft.Common.CurrentVersion.targets(5080,5): warning MSB3026: Could not copy "C:\Users\Joi\Desktop\marketplace\Marketplace.Domain\bin\Debug\net10.0\Marketplace.Domain.dll" to "bin\Debug\net10.0\Marketplace.Domain.dll". Beginning retry 9 in 1000ms. The process cannot access the file 'C:\Users\Joi\Desktop\marketplace\Marketplace.Web\bin\Debug\net10.0\Marketplace.Domain.dll' because it is being used by another process. The file is locked by: "Marketplace.Web (20976)" [C:\Users\Joi\Desktop\marketplace\Marketplace.Web\Marketplace.Web.csproj]
C:\Program Files\dotnet\sdk\10.0.103\Microsoft.Common.CurrentVersion.targets(5080,5): warning MSB3026: Could not copy "C:\Users\Joi\Desktop\marketplace\Marketplace.BusinessLogic\bin\Debug\net10.0\Marketplace.BusinessLogic.dll" to "bin\Debug\net10.0\Marketplace.BusinessLogic.dll". Beginning retry 9 in 1000ms. The process cannot access the file 'C:\Users\Joi\Desktop\marketplace\Marketplace.Web\bin\Debug\net10.0\Marketplace.BusinessLogic.dll' because it is being used by another process. The file is locked by: "Marketplace.Web (20976)" [C:\Users\Joi\Desktop\marketplace\Marketplace.Web\Marketplace.Web.csproj]
C:\Program Files\dotnet\sdk\10.0.103\Microsoft.Common.CurrentVersion.targets(5080,5): warning MSB3026: Could not copy "C:\Users\Joi\Desktop\marketplace\Marketplace.BusinessLogic\bin\Debug\net10.0\Marketplace.BusinessLogic.dll" to "bin\Debug\net10.0\Marketplace.BusinessLogic.dll". Beginning retry 10 in 1000ms. The process cannot access the file 'C:\Users\Joi\Desktop\marketplace\Marketplace.Web\bin\Debug\net10.0\Marketplace.BusinessLogic.dll' because it is being used by another process. The file is locked by: "Marketplace.Web (20976)" [C:\Users\Joi\Desktop\marketplace\Marketplace.Web\Marketplace.Web.csproj]
C:\Program Files\dotnet\sdk\10.0.103\Microsoft.Common.CurrentVersion.targets(5080,5): warning MSB3026: Could not copy "C:\Users\Joi\Desktop\marketplace\Marketplace.Data\bin\Debug\net10.0\Marketplace.Data.dll" to "bin\Debug\net10.0\Marketplace.Data.dll". Beginning retry 10 in 1000ms. The process cannot access the file 'C:\Users\Joi\Desktop\marketplace\Marketplace.Web\bin\Debug\net10.0\Marketplace.Data.dll' because it is being used by another process. The file is locked by: "Marketplace.Web (20976)" [C:\Users\Joi\Desktop\marketplace\Marketplace.Web\Marketplace.Web.csproj]
C:\Program Files\dotnet\sdk\10.0.103\Microsoft.Common.CurrentVersion.targets(5080,5): warning MSB3026: Could not copy "C:\Users\Joi\Desktop\marketplace\Marketplace.Domain\bin\Debug\net10.0\Marketplace.Domain.dll" to "bin\Debug\net10.0\Marketplace.Domain.dll". Beginning retry 10 in 1000ms. The process cannot access the file 'C:\Users\Joi\Desktop\marketplace\Marketplace.Web\bin\Debug\net10.0\Marketplace.Domain.dll' because it is being used by another process. The file is locked by: "Marketplace.Web (20976)" [C:\Users\Joi\Desktop\marketplace\Marketplace.Web\Marketplace.Web.csproj]
C:\Program Files\dotnet\sdk\10.0.103\Microsoft.Common.CurrentVersion.targets(5080,5): error MSB3027: Could not copy "C:\Users\Joi\Desktop\marketplace\Marketplace.Domain\bin\Debug\net10.0\Marketplace.Domain.dll" to "bin\Debug\net10.0\Marketplace.Domain.dll". Exceeded retry count of 10. Failed. The file is locked by: "Marketplace.Web (20976)" [C:\Users\Joi\Desktop\marketplace\Marketplace.Web\Marketplace.Web.csproj]
C:\Program Files\dotnet\sdk\10.0.103\Microsoft.Common.CurrentVersion.targets(5080,5): error MSB3021: Unable to copy file "C:\Users\Joi\Desktop\marketplace\Marketplace.Domain\bin\Debug\net10.0\Marketplace.Domain.dll" to "bin\Debug\net10.0\Marketplace.Domain.dll". The process cannot access the file 'C:\Users\Joi\Desktop\marketplace\Marketplace.Web\bin\Debug\net10.0\Marketplace.Domain.dll' because it is being used by another process. [C:\Users\Joi\Desktop\marketplace\Marketplace.Web\Marketplace.Web.csproj]
C:\Program Files\dotnet\sdk\10.0.103\Microsoft.Common.CurrentVersion.targets(5080,5): error MSB3027: Could not copy "C:\Users\Joi\Desktop\marketplace\Marketplace.Data\bin\Debug\net10.0\Marketplace.Data.dll" to "bin\Debug\net10.0\Marketplace.Data.dll". Exceeded retry count of 10. Failed. The file is locked by: "Marketplace.Web (20976)" [C:\Users\Joi\Desktop\marketplace\Marketplace.Web\Marketplace.Web.csproj]
C:\Program Files\dotnet\sdk\10.0.103\Microsoft.Common.CurrentVersion.targets(5080,5): error MSB3021: Unable to copy file "C:\Users\Joi\Desktop\marketplace\Marketplace.Data\bin\Debug\net10.0\Marketplace.Data.dll" to "bin\Debug\net10.0\Marketplace.Data.dll". The process cannot access the file 'C:\Users\Joi\Desktop\marketplace\Marketplace.Web\bin\Debug\net10.0\Marketplace.Data.dll' because it is being used by another process. [C:\Users\Joi\Desktop\marketplace\Marketplace.Web\Marketplace.Web.csproj]
C:\Program Files\dotnet\sdk\10.0.103\Microsoft.Common.CurrentVersion.targets(5080,5): error MSB3027: Could not copy "C:\Users\Joi\Desktop\marketplace\Marketplace.BusinessLogic\bin\Debug\net10.0\Marketplace.BusinessLogic.dll" to "bin\Debug\net10.0\Marketplace.BusinessLogic.dll". Exceeded retry count of 10. Failed. The file is locked by: "Marketplace.Web (20976)" [C:\Users\Joi\Desktop\marketplace\Marketplace.Web\Marketplace.Web.csproj]
C:\Program Files\dotnet\sdk\10.0.103\Microsoft.Common.CurrentVersion.targets(5080,5): error MSB3021: Unable to copy file "C:\Users\Joi\Desktop\marketplace\Marketplace.BusinessLogic\bin\Debug\net10.0\Marketplace.BusinessLogic.dll" to "bin\Debug\net10.0\Marketplace.BusinessLogic.dll". The process cannot access the file 'C:\Users\Joi\Desktop\marketplace\Marketplace.Web\bin\Debug\net10.0\Marketplace.BusinessLogic.dll' because it is being used by another process. [C:\Users\Joi\Desktop\marketplace\Marketplace.Web\Marketplace.Web.csproj]

Build FAILED.

C:\Program Files\dotnet\sdk\10.0.103\Microsoft.Common.CurrentVersion.targets(5080,5): warning MSB3026: Could not copy "C:\Users\Joi\Desktop\marketplace\Marketplace.BusinessLogic\bin\Debug\net10.0\Marketplace.BusinessLogic.dll" to "bin\Debug\net10.0\Marketplace.BusinessLogic.dll". Beginning retry 1 in 1000ms. The process cannot access the file 'C:\Users\Joi\Desktop\marketplace\Marketplace.Web\bin\Debug\net10.0\Marketplace.BusinessLogic.dll' because it is being used by another process. The file is locked by: "Marketplace.Web (20976)" [C:\Users\Joi\Desktop\marketplace\Marketplace.Web\Marketplace.Web.csproj]
C:\Program Files\dotnet\sdk\10.0.103\Microsoft.Common.CurrentVersion.targets(5080,5): warning MSB3026: Could not copy "C:\Users\Joi\Desktop\marketplace\Marketplace.Data\bin\Debug\net10.0\Marketplace.Data.dll" to "bin\Debug\net10.0\Marketplace.Data.dll". Beginning retry 1 in 1000ms. The process cannot access the file 'C:\Users\Joi\Desktop\marketplace\Marketplace.Web\bin\Debug\net10.0\Marketplace.Data.dll' because it is being used by another process. The file is locked by: "Marketplace.Web (20976)" [C:\Users\Joi\Desktop\marketplace\Marketplace.Web\Marketplace.Web.csproj]
C:\Program Files\dotnet\sdk\10.0.103\Microsoft.Common.CurrentVersion.targets(5080,5): warning MSB3026: Could not copy "C:\Users\Joi\Desktop\marketplace\Marketplace.Domain\bin\Debug\net10.0\Marketplace.Domain.dll" to "bin\Debug\net10.0\Marketplace.Domain.dll". Beginning retry 1 in 1000ms. The process cannot access the file 'C:\Users\Joi\Desktop\marketplace\Marketplace.Web\bin\Debug\net10.0\Marketplace.Domain.dll' because it is being used by another process. The file is locked by: "Marketplace.Web (20976)" [C:\Users\Joi\Desktop\marketplace\Marketplace.Web\Marketplace.Web.csproj]
C:\Program Files\dotnet\sdk\10.0.103\Microsoft.Common.CurrentVersion.targets(5080,5): warning MSB3026: Could not copy "C:\Users\Joi\Desktop\marketplace\Marketplace.BusinessLogic\bin\Debug\net10.0\Marketplace.BusinessLogic.dll" to "bin\Debug\net10.0\Marketplace.BusinessLogic.dll". Beginning retry 2 in 1000ms. The process cannot access the file 'C:\Users\Joi\Desktop\marketplace\Marketplace.Web\bin\Debug\net10.0\Marketplace.BusinessLogic.dll' because it is being used by another process. The file is locked by: "Marketplace.Web (20976)" [C:\Users\Joi\Desktop\marketplace\Marketplace.Web\Marketplace.Web.csproj]
C:\Program Files\dotnet\sdk\10.0.103\Microsoft.Common.CurrentVersion.targets(5080,5): warning MSB3026: Could not copy "C:\Users\Joi\Desktop\marketplace\Marketplace.Domain\bin\Debug\net10.0\Marketplace.Domain.dll" to "bin\Debug\net10.0\Marketplace.Domain.dll". Beginning retry 2 in 1000ms. The process cannot access the file 'C:\Users\Joi\Desktop\marketplace\Marketplace.Web\bin\Debug\net10.0\Marketplace.Domain.dll' because it is being used by another process. The file is locked by: "Marketplace.Web (20976)" [C:\Users\Joi\Desktop\marketplace\Marketplace.Web\Marketplace.Web.csproj]
C:\Program Files\dotnet\sdk\10.0.103\Microsoft.Common.CurrentVersion.targets(5080,5): warning MSB3026: Could not copy "C:\Users\Joi\Desktop\marketplace\Marketplace.Data\bin\Debug\net10.0\Marketplace.Data.dll" to "bin\Debug\net10.0\Marketplace.Data.dll". Beginning retry 2 in 1000ms. The process cannot access the file 'C:\Users\Joi\Desktop\marketplace\Marketplace.Web\bin\Debug\net10.0\Marketplace.Data.dll' because it is being used by another process. The file is locked by: "Marketplace.Web (20976)" [C:\Users\Joi\Desktop\marketplace\Marketplace.Web\Marketplace.Web.csproj]
C:\Program Files\dotnet\sdk\10.0.103\Microsoft.Common.CurrentVersion.targets(5080,5): warning MSB3026: Could not copy "C:\Users\Joi\Desktop\marketplace\Marketplace.BusinessLogic\bin\Debug\net10.0\Marketplace.BusinessLogic.dll" to "bin\Debug\net10.0\Marketplace.BusinessLogic.dll". Beginning retry 3 in 1000ms. The process cannot access the file 'C:\Users\Joi\Desktop\marketplace\Marketplace.Web\bin\Debug\net10.0\Marketplace.BusinessLogic.dll' because it is being used by another process. The file is locked by: "Marketplace.Web (20976)" [C:\Users\Joi\Desktop\marketplace\Marketplace.Web\Marketplace.Web.csproj]
C:\Program Files\dotnet\sdk\10.0.103\Microsoft.Common.CurrentVersion.targets(5080,5): warning MSB3026: Could not copy "C:\Users\Joi\Desktop\marketplace\Marketplace.Data\bin\Debug\net10.0\Marketplace.Data.dll" to "bin\Debug\net10.0\Marketplace.Data.dll". Beginning retry 3 in 1000ms. The process cannot access the file 'C:\Users\Joi\Desktop\marketplace\Marketplace.Web\bin\Debug\net10.0\Marketplace.Data.dll' because it is being used by another process. The file is locked by: "Marketplace.Web (20976)" [C:\Users\Joi\Desktop\marketplace\Marketplace.Web\Marketplace.Web.csproj]
C:\Program Files\dotnet\sdk\10.0.103\Microsoft.Common.CurrentVersion.targets(5080,5): warning MSB3026: Could not copy "C:\Users\Joi\Desktop\marketplace\Marketplace.Domain\bin\Debug\net10.0\Marketplace.Domain.dll" to "bin\Debug\net10.0\Marketplace.Domain.dll". Beginning retry 3 in 1000ms. The process cannot access the file 'C:\Users\Joi\Desktop\marketplace\Marketplace.Web\bin\Debug\net10.0\Marketplace.Domain.dll' because it is being used by another process. The file is locked by: "Marketplace.Web (20976)" [C:\Users\Joi\Desktop\marketplace\Marketplace.Web\Marketplace.Web.csproj]
C:\Program Files\dotnet\sdk\10.0.103\Microsoft.Common.CurrentVersion.targets(5080,5): warning MSB3026: Could not copy "C:\Users\Joi\Desktop\marketplace\Marketplace.BusinessLogic\bin\Debug\net10.0\Marketplace.BusinessLogic.dll" to "bin\Debug\net10.0\Marketplace.BusinessLogic.dll". Beginning retry 4 in 1000ms. The process cannot access the file 'C:\Users\Joi\Desktop\marketplace\Marketplace.Web\bin\Debug\net10.0\Marketplace.BusinessLogic.dll' because it is being used by another process. The file is locked by: "Marketplace.Web (20976)" [C:\Users\Joi\Desktop\marketplace\Marketplace.Web\Marketplace.Web.csproj]
C:\Program Files\dotnet\sdk\10.0.103\Microsoft.Common.CurrentVersion.targets(5080,5): warning MSB3026: Could not copy "C:\Users\Joi\Desktop\marketplace\Marketplace.Data\bin\Debug\net10.0\Marketplace.Data.dll" to "bin\Debug\net10.0\Marketplace.Data.dll". Beginning retry 4 in 1000ms. The process cannot access the file 'C:\Users\Joi\Desktop\marketplace\Marketplace.Web\bin\Debug\net10.0\Marketplace.Data.dll' because it is being used by another process. The file is locked by: "Marketplace.Web (20976)" [C:\Users\Joi\Desktop\marketplace\Marketplace.Web\Marketplace.Web.csproj]
C:\Program Files\dotnet\sdk\10.0.103\Microsoft.Common.CurrentVersion.targets(5080,5): warning MSB3026: Could not copy "C:\Users\Joi\Desktop\marketplace\Marketplace.Domain\bin\Debug\net10.0\Marketplace.Domain.dll" to "bin\Debug\net10.0\Marketplace.Domain.dll". Beginning retry 4 in 1000ms. The process cannot access the file 'C:\Users\Joi\Desktop\marketplace\Marketplace.Web\bin\Debug\net10.0\Marketplace.Domain.dll' because it is being used by another process. The file is locked by: "Marketplace.Web (20976)" [C:\Users\Joi\Desktop\marketplace\Marketplace.Web\Marketplace.Web.csproj]
C:\Program Files\dotnet\sdk\10.0.103\Microsoft.Common.CurrentVersion.targets(5080,5): warning MSB3026: Could not copy "C:\Users\Joi\Desktop\marketplace\Marketplace.BusinessLogic\bin\Debug\net10.0\Marketplace.BusinessLogic.dll" to "bin\Debug\net10.0\Marketplace.BusinessLogic.dll". Beginning retry 5 in 1000ms. The process cannot access the file 'C:\Users\Joi\Desktop\marketplace\Marketplace.Web\bin\Debug\net10.0\Marketplace.BusinessLogic.dll' because it is being used by another process. The file is locked by: "Marketplace.Web (20976)" [C:\Users\Joi\Desktop\marketplace\Marketplace.Web\Marketplace.Web.csproj]
C:\Program Files\dotnet\sdk\10.0.103\Microsoft.Common.CurrentVersion.targets(5080,5): warning MSB3026: Could not copy "C:\Users\Joi\Desktop\marketplace\Marketplace.Domain\bin\Debug\net10.0\Marketplace.Domain.dll" to "bin\Debug\net10.0\Marketplace.Domain.dll". Beginning retry 5 in 1000ms. The process cannot access the file 'C:\Users\Joi\Desktop\marketplace\Marketplace.Web\bin\Debug\net10.0\Marketplace.Domain.dll' because it is being used by another process. The file is locked by: "Marketplace.Web (20976)" [C:\Users\Joi\Desktop\marketplace\Marketplace.Web\Marketplace.Web.csproj]
C:\Program Files\dotnet\sdk\10.0.103\Microsoft.Common.CurrentVersion.targets(5080,5): warning MSB3026: Could not copy "C:\Users\Joi\Desktop\marketplace\Marketplace.Data\bin\Debug\net10.0\Marketplace.Data.dll" to "bin\Debug\net10.0\Marketplace.Data.dll". Beginning retry 5 in 1000ms. The process cannot access the file 'C:\Users\Joi\Desktop\marketplace\Marketplace.Web\bin\Debug\net10.0\Marketplace.Data.dll' because it is being used by another process. The file is locked by: "Marketplace.Web (20976)" [C:\Users\Joi\Desktop\marketplace\Marketplace.Web\Marketplace.Web.csproj]
C:\Program Files\dotnet\sdk\10.0.103\Microsoft.Common.CurrentVersion.targets(5080,5): warning MSB3026: Could not copy "C:\Users\Joi\Desktop\marketplace\Marketplace.BusinessLogic\bin\Debug\net10.0\Marketplace.BusinessLogic.dll" to "bin\Debug\net10.0\Marketplace.BusinessLogic.dll". Beginning retry 6 in 1000ms. The process cannot access the file 'C:\Users\Joi\Desktop\marketplace\Marketplace.Web\bin\Debug\net10.0\Marketplace.BusinessLogic.dll' because it is being used by another process. The file is locked by: "Marketplace.Web (20976)" [C:\Users\Joi\Desktop\marketplace\Marketplace.Web\Marketplace.Web.csproj]
C:\Program Files\dotnet\sdk\10.0.103\Microsoft.Common.CurrentVersion.targets(5080,5): warning MSB3026: Could not copy "C:\Users\Joi\Desktop\marketplace\Marketplace.Domain\bin\Debug\net10.0\Marketplace.Domain.dll" to "bin\Debug\net10.0\Marketplace.Domain.dll". Beginning retry 6 in 1000ms. The process cannot access the file 'C:\Users\Joi\Desktop\marketplace\Marketplace.Web\bin\Debug\net10.0\Marketplace.Domain.dll' because it is being used by another process. The file is locked by: "Marketplace.Web (20976)" [C:\Users\Joi\Desktop\marketplace\Marketplace.Web\Marketplace.Web.csproj]
C:\Program Files\dotnet\sdk\10.0.103\Microsoft.Common.CurrentVersion.targets(5080,5): warning MSB3026: Could not copy "C:\Users\Joi\Desktop\marketplace\Marketplace.Data\bin\Debug\net10.0\Marketplace.Data.dll" to "bin\Debug\net10.0\Marketplace.Data.dll". Beginning retry 6 in 1000ms. The process cannot access the file 'C:\Users\Joi\Desktop\marketplace\Marketplace.Web\bin\Debug\net10.0\Marketplace.Data.dll' because it is being used by another process. The file is locked by: "Marketplace.Web (20976)" [C:\Users\Joi\Desktop\marketplace\Marketplace.Web\Marketplace.Web.csproj]
C:\Program Files\dotnet\sdk\10.0.103\Microsoft.Common.CurrentVersion.targets(5080,5): warning MSB3026: Could not copy "C:\Users\Joi\Desktop\marketplace\Marketplace.BusinessLogic\bin\Debug\net10.0\Marketplace.BusinessLogic.dll" to "bin\Debug\net10.0\Marketplace.BusinessLogic.dll". Beginning retry 7 in 1000ms. The process cannot access the file 'C:\Users\Joi\Desktop\marketplace\Marketplace.Web\bin\Debug\net10.0\Marketplace.BusinessLogic.dll' because it is being used by another process. The file is locked by: "Marketplace.Web (20976)" [C:\Users\Joi\Desktop\marketplace\Marketplace.Web\Marketplace.Web.csproj]
C:\Program Files\dotnet\sdk\10.0.103\Microsoft.Common.CurrentVersion.targets(5080,5): warning MSB3026: Could not copy "C:\Users\Joi\Desktop\marketplace\Marketplace.Data\bin\Debug\net10.0\Marketplace.Data.dll" to "bin\Debug\net10.0\Marketplace.Data.dll". Beginning retry 7 in 1000ms. The process cannot access the file 'C:\Users\Joi\Desktop\marketplace\Marketplace.Web\bin\Debug\net10.0\Marketplace.Data.dll' because it is being used by another process. The file is locked by: "Marketplace.Web (20976)" [C:\Users\Joi\Desktop\marketplace\Marketplace.Web\Marketplace.Web.csproj]
C:\Program Files\dotnet\sdk\10.0.103\Microsoft.Common.CurrentVersion.targets(5080,5): warning MSB3026: Could not copy "C:\Users\Joi\Desktop\marketplace\Marketplace.Domain\bin\Debug\net10.0\Marketplace.Domain.dll" to "bin\Debug\net10.0\Marketplace.Domain.dll". Beginning retry 7 in 1000ms. The process cannot access the file 'C:\Users\Joi\Desktop\marketplace\Marketplace.Web\bin\Debug\net10.0\Marketplace.Domain.dll' because it is being used by another process. The file is locked by: "Marketplace.Web (20976)" [C:\Users\Joi\Desktop\marketplace\Marketplace.Web\Marketplace.Web.csproj]
C:\Program Files\dotnet\sdk\10.0.103\Microsoft.Common.CurrentVersion.targets(5080,5): warning MSB3026: Could not copy "C:\Users\Joi\Desktop\marketplace\Marketplace.BusinessLogic\bin\Debug\net10.0\Marketplace.BusinessLogic.dll" to "bin\Debug\net10.0\Marketplace.BusinessLogic.dll". Beginning retry 8 in 1000ms. The process cannot access the file 'C:\Users\Joi\Desktop\marketplace\Marketplace.Web\bin\Debug\net10.0\Marketplace.BusinessLogic.dll' because it is being used by another process. The file is locked by: "Marketplace.Web (20976)" [C:\Users\Joi\Desktop\marketplace\Marketplace.Web\Marketplace.Web.csproj]
C:\Program Files\dotnet\sdk\10.0.103\Microsoft.Common.CurrentVersion.targets(5080,5): warning MSB3026: Could not copy "C:\Users\Joi\Desktop\marketplace\Marketplace.Data\bin\Debug\net10.0\Marketplace.Data.dll" to "bin\Debug\net10.0\Marketplace.Data.dll". Beginning retry 8 in 1000ms. The process cannot access the file 'C:\Users\Joi\Desktop\marketplace\Marketplace.Web\bin\Debug\net10.0\Marketplace.Data.dll' because it is being used by another process. The file is locked by: "Marketplace.Web (20976)" [C:\Users\Joi\Desktop\marketplace\Marketplace.Web\Marketplace.Web.csproj]
C:\Program Files\dotnet\sdk\10.0.103\Microsoft.Common.CurrentVersion.targets(5080,5): warning MSB3026: Could not copy "C:\Users\Joi\Desktop\marketplace\Marketplace.Domain\bin\Debug\net10.0\Marketplace.Domain.dll" to "bin\Debug\net10.0\Marketplace.Domain.dll". Beginning retry 8 in 1000ms. The process cannot access the file 'C:\Users\Joi\Desktop\marketplace\Marketplace.Web\bin\Debug\net10.0\Marketplace.Domain.dll' because it is being used by another process. The file is locked by: "Marketplace.Web (20976)" [C:\Users\Joi\Desktop\marketplace\Marketplace.Web\Marketplace.Web.csproj]
C:\Program Files\dotnet\sdk\10.0.103\Microsoft.Common.CurrentVersion.targets(5080,5): warning MSB3026: Could not copy "C:\Users\Joi\Desktop\marketplace\Marketplace.Data\bin\Debug\net10.0\Marketplace.Data.dll" to "bin\Debug\net10.0\Marketplace.Data.dll". Beginning retry 9 in 1000ms. The process cannot access the file 'C:\Users\Joi\Desktop\marketplace\Marketplace.Web\bin\Debug\net10.0\Marketplace.Data.dll' because it is being used by another process. The file is locked by: "Marketplace.Web (20976)" [C:\Users\Joi\Desktop\marketplace\Marketplace.Web\Marketplace.Web.csproj]
C:\Program Files\dotnet\sdk\10.0.103\Microsoft.Common.CurrentVersion.targets(5080,5): warning MSB3026: Could not copy "C:\Users\Joi\Desktop\marketplace\Marketplace.Domain\bin\Debug\net10.0\Marketplace.Domain.dll" to "bin\Debug\net10.0\Marketplace.Domain.dll". Beginning retry 9 in 1000ms. The process cannot access the file 'C:\Users\Joi\Desktop\marketplace\Marketplace.Web\bin\Debug\net10.0\Marketplace.Domain.dll' because it is being used by another process. The file is locked by: "Marketplace.Web (20976)" [C:\Users\Joi\Desktop\marketplace\Marketplace.Web\Marketplace.Web.csproj]
C:\Program Files\dotnet\sdk\10.0.103\Microsoft.Common.CurrentVersion.targets(5080,5): warning MSB3026: Could not copy "C:\Users\Joi\Desktop\marketplace\Marketplace.BusinessLogic\bin\Debug\net10.0\Marketplace.BusinessLogic.dll" to "bin\Debug\net10.0\Marketplace.BusinessLogic.dll". Beginning retry 9 in 1000ms. The process cannot access the file 'C:\Users\Joi\Desktop\marketplace\Marketplace.Web\bin\Debug\net10.0\Marketplace.BusinessLogic.dll' because it is being used by another process. The file is locked by: "Marketplace.Web (20976)" [C:\Users\Joi\Desktop\marketplace\Marketplace.Web\Marketplace.Web.csproj]
C:\Program Files\dotnet\sdk\10.0.103\Microsoft.Common.CurrentVersion.targets(5080,5): warning MSB3026: Could not copy "C:\Users\Joi\Desktop\marketplace\Marketplace.BusinessLogic\bin\Debug\net10.0\Marketplace.BusinessLogic.dll" to "bin\Debug\net10.0\Marketplace.BusinessLogic.dll". Beginning retry 10 in 1000ms. The process cannot access the file 'C:\Users\Joi\Desktop\marketplace\Marketplace.Web\bin\Debug\net10.0\Marketplace.BusinessLogic.dll' because it is being used by another process. The file is locked by: "Marketplace.Web (20976)" [C:\Users\Joi\Desktop\marketplace\Marketplace.Web\Marketplace.Web.csproj]
C:\Program Files\dotnet\sdk\10.0.103\Microsoft.Common.CurrentVersion.targets(5080,5): warning MSB3026: Could not copy "C:\Users\Joi\Desktop\marketplace\Marketplace.Data\bin\Debug\net10.0\Marketplace.Data.dll" to "bin\Debug\net10.0\Marketplace.Data.dll". Beginning retry 10 in 1000ms. The process cannot access the file 'C:\Users\Joi\Desktop\marketplace\Marketplace.Web\bin\Debug\net10.0\Marketplace.Data.dll' because it is being used by another process. The file is locked by: "Marketplace.Web (20976)" [C:\Users\Joi\Desktop\marketplace\Marketplace.Web\Marketplace.Web.csproj]
C:\Program Files\dotnet\sdk\10.0.103\Microsoft.Common.CurrentVersion.targets(5080,5): warning MSB3026: Could not copy "C:\Users\Joi\Desktop\marketplace\Marketplace.Domain\bin\Debug\net10.0\Marketplace.Domain.dll" to "bin\Debug\net10.0\Marketplace.Domain.dll". Beginning retry 10 in 1000ms. The process cannot access the file 'C:\Users\Joi\Desktop\marketplace\Marketplace.Web\bin\Debug\net10.0\Marketplace.Domain.dll' because it is being used by another process. The file is locked by: "Marketplace.Web (20976)" [C:\Users\Joi\Desktop\marketplace\Marketplace.Web\Marketplace.Web.csproj]
C:\Program Files\dotnet\sdk\10.0.103\Microsoft.Common.CurrentVersion.targets(5080,5): error MSB3027: Could not copy "C:\Users\Joi\Desktop\marketplace\Marketplace.Domain\bin\Debug\net10.0\Marketplace.Domain.dll" to "bin\Debug\net10.0\Marketplace.Domain.dll". Exceeded retry count of 10. Failed. The file is locked by: "Marketplace.Web (20976)" [C:\Users\Joi\Desktop\marketplace\Marketplace.Web\Marketplace.Web.csproj]
C:\Program Files\dotnet\sdk\10.0.103\Microsoft.Common.CurrentVersion.targets(5080,5): error MSB3021: Unable to copy file "C:\Users\Joi\Desktop\marketplace\Marketplace.Domain\bin\Debug\net10.0\Marketplace.Domain.dll" to "bin\Debug\net10.0\Marketplace.Domain.dll". The process cannot access the file 'C:\Users\Joi\Desktop\marketplace\Marketplace.Web\bin\Debug\net10.0\Marketplace.Domain.dll' because it is being used by another process. [C:\Users\Joi\Desktop\marketplace\Marketplace.Web\Marketplace.Web.csproj]
C:\Program Files\dotnet\sdk\10.0.103\Microsoft.Common.CurrentVersion.targets(5080,5): error MSB3027: Could not copy "C:\Users\Joi\Desktop\marketplace\Marketplace.Data\bin\Debug\net10.0\Marketplace.Data.dll" to "bin\Debug\net10.0\Marketplace.Data.dll". Exceeded retry count of 10. Failed. The file is locked by: "Marketplace.Web (20976)" [C:\Users\Joi\Desktop\marketplace\Marketplace.Web\Marketplace.Web.csproj]
C:\Program Files\dotnet\sdk\10.0.103\Microsoft.Common.CurrentVersion.targets(5080,5): error MSB3021: Unable to copy file "C:\Users\Joi\Desktop\marketplace\Marketplace.Data\bin\Debug\net10.0\Marketplace.Data.dll" to "bin\Debug\net10.0\Marketplace.Data.dll". The process cannot access the file 'C:\Users\Joi\Desktop\marketplace\Marketplace.Web\bin\Debug\net10.0\Marketplace.Data.dll' because it is being used by another process. [C:\Users\Joi\Desktop\marketplace\Marketplace.Web\Marketplace.Web.csproj]
C:\Program Files\dotnet\sdk\10.0.103\Microsoft.Common.CurrentVersion.targets(5080,5): error MSB3027: Could not copy "C:\Users\Joi\Desktop\marketplace\Marketplace.BusinessLogic\bin\Debug\net10.0\Marketplace.BusinessLogic.dll" to "bin\Debug\net10.0\Marketplace.BusinessLogic.dll". Exceeded retry count of 10. Failed. The file is locked by: "Marketplace.Web (20976)" [C:\Users\Joi\Desktop\marketplace\Marketplace.Web\Marketplace.Web.csproj]
C:\Program Files\dotnet\sdk\10.0.103\Microsoft.Common.CurrentVersion.targets(5080,5): error MSB3021: Unable to copy file "C:\Users\Joi\Desktop\marketplace\Marketplace.BusinessLogic\bin\Debug\net10.0\Marketplace.BusinessLogic.dll" to "bin\Debug\net10.0\Marketplace.BusinessLogic.dll". The process cannot access the file 'C:\Users\Joi\Desktop\marketplace\Marketplace.Web\bin\Debug\net10.0\Marketplace.BusinessLogic.dll' because it is being used by another process. [C:\Users\Joi\Desktop\marketplace\Marketplace.Web\Marketplace.Web.csproj]
    30 Warning(s)
    6 Error(s)

Time Elapsed 00:00:14.86
